> Task :app:preBuild UP-TO-DATE
> Task :app:preDebugBuild UP-TO-DATE
> Task :app:generateDebugResources UP-TO-DATE
> Task :app:packageDebugResources UP-TO-DATE
> Task :app:processDebugNavigationResources UP-TO-DATE
> Task :app:parseDebugLocalResources UP-TO-DATE
> Task :app:generateDebugRFile UP-TO-DATE

> Task :app:compileDebugKotlin FAILED
e: file:///C:/Users/pavithra/AndroidStudioProjects/MINDCARE/app/src/main/java/com/simats/psychcure/admin/core/AdminDashboardScreen.kt:86:44 Unsupported escape sequence.
e: file:///C:/Users/pavithra/AndroidStudioProjects/MINDCARE/app/src/main/java/com/simats/psychcure/admin/core/AdminDashboardScreen.kt:86:99 Unsupported escape sequence.
e: file:///C:/Users/pavithra/AndroidStudioProjects/MINDCARE/app/src/main/java/com/simats/psychcure/admin/core/AdminProfileScreen.kt:75:36 Unsupported escape sequence.
e: file:///C:/Users/pavithra/AndroidStudioProjects/MINDCARE/app/src/main/java/com/simats/psychcure/admin/core/AdminProfileScreen.kt:75:91 Unsupported escape sequence.
e: file:///C:/Users/pavithra/AndroidStudioProjects/MINDCARE/app/src/main/java/com/simats/psychcure/admin/management/AdminApprovedStudentsScreen.kt:168:36 Unsupported escape sequence.
e: file:///C:/Users/pavithra/AndroidStudioProjects/MINDCARE/app/src/main/java/com/simats/psychcure/admin/management/AdminApprovedStudentsScreen.kt:168:91 Unsupported escape sequence.
e: file:///C:/Users/pavithra/AndroidStudioProjects/MINDCARE/app/src/main/java/com/simats/psychcure/admin/management/AdminCounselorListScreen.kt:132:40 Unsupported escape sequence.
e: file:///C:/Users/pavithra/AndroidStudioProjects/MINDCARE/app/src/main/java/com/simats/psychcure/admin/management/AdminCounselorListScreen.kt:132:95 Unsupported escape sequence.
e: file:///C:/Users/pavithra/AndroidStudioProjects/MINDCARE/app/src/main/java/com/simats/psychcure/admin/management/AdminPendingApprovalsScreen.kt:219:40 Unsupported escape sequence.
e: file:///C:/Users/pavithra/AndroidStudioProjects/MINDCARE/app/src/main/java/com/simats/psychcure/admin/management/AdminPendingApprovalsScreen.kt:219:95 Unsupported escape sequence.
e: file:///C:/Users/pavithra/AndroidStudioProjects/MINDCARE/app/src/main/java/com/simats/psychcure/common/GroupDetailsScreen.kt:959:36 Unsupported escape sequence.
e: file:///C:/Users/pavithra/AndroidStudioProjects/MINDCARE/app/src/main/java/com/simats/psychcure/common/GroupDetailsScreen.kt:959:91 Unsupported escape sequence.
e: file:///C:/Users/pavithra/AndroidStudioProjects/MINDCARE/app/src/main/java/com/simats/psychcure/common/GroupDetailsScreen.kt:1368:40 Unsupported escape sequence.
e: file:///C:/Users/pavithra/AndroidStudioProjects/MINDCARE/app/src/main/java/com/simats/psychcure/common/GroupDetailsScreen.kt:1368:95 Unsupported escape sequence.
e: file:///C:/Users/pavithra/AndroidStudioProjects/MINDCARE/app/src/main/java/com/simats/psychcure/counselor/core/CounselorDashboardScreen.kt:101:48 Unsupported escape sequence.
e: file:///C:/Users/pavithra/AndroidStudioProjects/MINDCARE/app/src/main/java/com/simats/psychcure/counselor/core/CounselorDashboardScreen.kt:101:103 Unsupported escape sequence.
e: file:///C:/Users/pavithra/AndroidStudioProjects/MINDCARE/app/src/main/java/com/simats/psychcure/counselor/core/CounselorProfileScreen.kt:105:40 Unsupported escape sequence.
e: file:///C:/Users/pavithra/AndroidStudioProjects/MINDCARE/app/src/main/java/com/simats/psychcure/counselor/core/CounselorProfileScreen.kt:105:95 Unsupported escape sequence.
e: file:///C:/Users/pavithra/AndroidStudioProjects/MINDCARE/app/src/main/java/com/simats/psychcure/counselor/sessions/CounselorSessionsScreen.kt:271:44 Unsupported escape sequence.
e: file:///C:/Users/pavithra/AndroidStudioProjects/MINDCARE/app/src/main/java/com/simats/psychcure/counselor/sessions/CounselorSessionsScreen.kt:271:99 Unsupported escape sequence.
e: file:///C:/Users/pavithra/AndroidStudioProjects/MINDCARE/app/src/main/java/com/simats/psychcure/counselor/sessions/CounselorSessionsScreen.kt:612:40 Unsupported escape sequence.
e: file:///C:/Users/pavithra/AndroidStudioProjects/MINDCARE/app/src/main/java/com/simats/psychcure/counselor/sessions/CounselorSessionsScreen.kt:612:95 Unsupported escape sequence.
e: file:///C:/Users/pavithra/AndroidStudioProjects/MINDCARE/app/src/main/java/com/simats/psychcure/counselor/sessions/CounselorSessionsScreen.kt:717:40 Unsupported escape sequence.
e: file:///C:/Users/pavithra/AndroidStudioProjects/MINDCARE/app/src/main/java/com/simats/psychcure/counselor/sessions/CounselorSessionsScreen.kt:717:95 Unsupported escape sequence.
e: file:///C:/Users/pavithra/AndroidStudioProjects/MINDCARE/app/src/main/java/com/simats/psychcure/student/dashboard/ProfileScreen.kt:119:44 Unsupported escape sequence.
e: file:///C:/Users/pavithra/AndroidStudioProjects/MINDCARE/app/src/main/java/com/simats/psychcure/student/dashboard/ProfileScreen.kt:119:99 Unsupported escape sequence.
e: file:///C:/Users/pavithra/AndroidStudioProjects/MINDCARE/app/src/main/java/com/simats/psychcure/student/dashboard/StudentDashboard.kt:101:44 Unsupported escape sequence.
e: file:///C:/Users/pavithra/AndroidStudioProjects/MINDCARE/app/src/main/java/com/simats/psychcure/student/dashboard/StudentDashboard.kt:101:99 Unsupported escape sequence.
e: file:///C:/Users/pavithra/AndroidStudioProjects/MINDCARE/app/src/main/java/com/simats/psychcure/student/support/BrowseGroupsScreen.kt:225:36 Unsupported escape sequence.
e: file:///C:/Users/pavithra/AndroidStudioProjects/MINDCARE/app/src/main/java/com/simats/psychcure/student/support/BrowseGroupsScreen.kt:225:91 Unsupported escape sequence.
e: file:///C:/Users/pavithra/AndroidStudioProjects/MINDCARE/app/src/main/java/com/simats/psychcure/student/support/MyGroupsScreen.kt:134:40 Unsupported escape sequence.
e: file:///C:/Users/pavithra/AndroidStudioProjects/MINDCARE/app/src/main/java/com/simats/psychcure/student/support/MyGroupsScreen.kt:134:95 Unsupported escape sequence.
e: file:///C:/Users/pavithra/AndroidStudioProjects/MINDCARE/app/src/main/java/com/simats/psychcure/student/support/StudentSessionsScreen.kt:125:40 Unsupported escape sequence.
e: file:///C:/Users/pavithra/AndroidStudioProjects/MINDCARE/app/src/main/java/com/simats/psychcure/student/support/StudentSessionsScreen.kt:125:95 Unsupported escape sequence.

FAILURE: Build failed with an exception.

* What went wrong:
Execution failed for task ':app:compileDebugKotlin'.
> A failure occurred while executing org.jetbrains.kotlin.compilerRunner.GradleCompilerRunnerWithWorkers$GradleKotlinCompilerWorkAction
   > Compilation error. See log for more details

* Try:
> Run with --stacktrace option to get the stack trace.
> Run with --info or --debug option to get more log output.
> Run with --scan to generate a Build Scan (powered by Develocity).
> Get more help at https://help.gradle.org.

BUILD FAILED in 6s
6 actionable tasks: 1 executed, 5 up-to-date
