> Task :app:preBuild UP-TO-DATE
> Task :app:preDebugBuild UP-TO-DATE
> Task :app:generateDebugResources UP-TO-DATE
> Task :app:packageDebugResources UP-TO-DATE
> Task :app:processDebugNavigationResources UP-TO-DATE
> Task :app:parseDebugLocalResources UP-TO-DATE
> Task :app:generateDebugRFile UP-TO-DATE

> Task :app:compileDebugKotlin FAILED
e: file:///C:/Users/pavithra/AndroidStudioProjects/MINDCARE/app/src/main/java/com/simats/psychcure/student/academic/ExamStressPlanScreen.kt:103:22 Unresolved reference 'background'.
e: file:///C:/Users/pavithra/AndroidStudioProjects/MINDCARE/app/src/main/java/com/simats/psychcure/student/academic/TimeManagementScreen.kt:54:22 Unresolved reference 'background'.

FAILURE: Build failed with an exception.

* What went wrong:
Execution failed for task ':app:compileDebugKotlin'.
> A failure occurred while executing org.jetbrains.kotlin.compilerRunner.GradleCompilerRunnerWithWorkers$GradleKotlinCompilerWorkAction
   > Compilation error. See log for more details

* Try:
> Run with --stacktrace option to get the stack trace.
> Run with --info or --debug option to get more log output.
> Run with --scan to generate a Build Scan (powered by Develocity).
> Get more help at https://help.gradle.org.

BUILD FAILED in 3s
6 actionable tasks: 1 executed, 5 up-to-date
